# 交易相关

Bithumb Chain客户端 `Bithumb Chain CLI` 提供了构造交易模块，用于构造对原生资产 `BT` 进行操作的交易。

为了使所构造的交易有效，交易在发送到链上之前，需要使用钱包账户进行签名。

## [转账](https://dev-docs.xtar.io/#/docs-cn/xtar-cli/16-build-tx?id=转账)

在构造交易模块中，`transfer` 命令用于构造转账交易，注意加上`--print-tx, -t` 参数。

你可以在第一个终端启动本地测试网：

```shell
$ xtar-cli 0
```

然后在第二个终端中构造转账交易：

构造 BT 转账交易（ `-t` 表示预执行并打印十六进制的交易内容，不发送到网络）

```shell
$ xtar-cli asset transfer --from=0 --to=1 --amount=6 -t
Tranfer
From:AQihuq7oRHfdTH4f3dfKApa357zM4UYmnn
To:AKVhDYofgsN9aoYKSev1uPMAW64NxYeRr9
Amount:6
TxHash:638360e6d87bdbc42131e10d82ea32a09a344c1b7a8466ead67104293a6ebebe
RawTx:=>
0000881efdc6befa3512900000000000000000000000000000000000000001087472616e73666572300c010d030a621fc1db6be573451def1271530d843e378c2a450a28d1241e6b77872eca282a18e68d55a434472669060600621fc1db6be573451def1271530d843e378c2a4500
```

通过以十六进制字符串显示的序列化交易查询构造的交易明细：

```shell
$ xtar-cli tx show 0000881efdc6befa3512900000000000000000000000000000000000000001087472616e73666572300c010d030a621fc1db6be573451def1271530d843e378c2a450a28d1241e6b77872eca282a18e68d55a434472669060600621fc1db6be573451def1271530d843e378c2a4500

No.1:=>
{
   "tx_type": 0,
   "version": 0,
   "nonce": 2233159513789502096,
   "payload": {
      "address": "0000000000000000000000000000000000000001",
      "method": "transfer",
      "args": "0c010d030a621fc1db6be573451def1271530d843e378c2a450a28d1241e6b77872eca282a18e68d55a4344726690606"
   },
   "attributes": [],
   "payer": "AQihuq7oRHfdTH4f3dfKApa357zM4UYmnn",
   "sig": [],
   "hash": "638360e6d87bdbc42131e10d82ea32a09a344c1b7a8466ead67104293a6ebebe"
}
```

对转账交易使用扣款账户进行签名：

```shell
$ xtar-cli tx sig --signer=0 0000881efdc6befa3512900000000000000000000000000000000000000001087472616e73666572300c010d030a621fc1db6be573451def1271530d843e378c2a450a28d1241e6b77872eca282a18e68d55a434472669060600621fc1db6be573451def1271530d843e378c2a4500
Singer account
Please input password
Password:
Signer:AQihuq7oRHfdTH4f3dfKApa357zM4UYmnn
Signed raw tx:=>
0000881efdc6befa3512900000000000000000000000000000000000000001087472616e73666572300c010d030a621fc1db6be573451def1271530d843e378c2a450a28d1241e6b77872eca282a18e68d55a434472669060600621fc1db6be573451def1271530d843e378c2a45010101025c381425dc4f7f5dc84e44272092293f18ff6d2e3b408b0b7efdb55d2544dc820101410112560b2e133227e2f94fb218131149842aa2e3be9ddbea08eb4d5dd98dd43e76165f134149c615db5346cce01a2e0288c83377faccd26d77c9a7697663abca9f
```

> Note: 请确保 `--signer` 指定的地址和转账时 `--from` 指定的地址一致。

通过十六进制的交易内容查询交易明细：

```shell
$ xtar-cli tx show 0000881efdc6befa3512900000000000000000000000000000000000000001087472616e73666572300c010d030a621fc1db6be573451def1271530d843e378c2a450a28d1241e6b77872eca282a18e68d55a434472669060600621fc1db6be573451def1271530d843e378c2a45010101025c381425dc4f7f5dc84e44272092293f18ff6d2e3b408b0b7efdb55d2544dc820101410112560b2e133227e2f94fb218131149842aa2e3be9ddbea08eb4d5dd98dd43e76165f134149c615db5346cce01a2e0288c83377faccd26d77c9a7697663abca9f

No.1:=>
{
   "tx_type": 0,
   "version": 0,
   "nonce": 2233159513789502096,
   "payload": {
      "address": "0000000000000000000000000000000000000001",
      "method": "transfer",
      "args": "0c010d030a621fc1db6be573451def1271530d843e378c2a450a28d1241e6b77872eca282a18e68d55a4344726690606"
   },
   "attributes": [],
   "payer": "AQihuq7oRHfdTH4f3dfKApa357zM4UYmnn",
   "sig": [
      {
         "public_keys": [
            "01025c381425dc4f7f5dc84e44272092293f18ff6d2e3b408b0b7efdb55d2544dc82"
         ],
         "m": 1,
         "sig_data": [
            "0112560b2e133227e2f94fb218131149842aa2e3be9ddbea08eb4d5dd98dd43e76165f134149c615db5346cce01a2e0288c83377faccd26d77c9a7697663abca9f"
         ]
      }
   ],
   "hash": "638360e6d87bdbc42131e10d82ea32a09a344c1b7a8466ead67104293a6ebebe"
}
```

将转账交易发送到测试网：

```shell
$ xtar-cli asset balance 0 1
Address:AQihuq7oRHfdTH4f3dfKApa357zM4UYmnn
XTAR balance:=>
999998976
Address:AKVhDYofgsN9aoYKSev1uPMAW64NxYeRr9
XTAR balance:=>
1000
$ xtar-cli tx send 0000881efdc6befa3512900000000000000000000000000000000000000001087472616e73666572300c010d030a621fc1db6be573451def1271530d843e378c2a450a28d1241e6b77872eca282a18e68d55a434472669060600621fc1db6be573451def1271530d843e378c2a45010101025c381425dc4f7f5dc84e44272092293f18ff6d2e3b408b0b7efdb55d2544dc820101410112560b2e133227e2f94fb218131149842aa2e3be9ddbea08eb4d5dd98dd43e76165f134149c615db5346cce01a2e0288c83377faccd26d77c9a7697663abca9f
TxHash:638360e6d87bdbc42131e10d82ea32a09a344c1b7a8466ead67104293a6ebebe
Waiting for eventLog...
EventLog:=>
{
   "height": 3027,
   "tx_hash": "638360e6d87bdbc42131e10d82ea32a09a344c1b7a8466ead67104293a6ebebe",
   "error_code": 0,
   "net_usage": 214,
   "cpu_usage": 40,
   "ram_usage": [],
   "event_logs": [
      {
         "contract": "0000000000000000000000000000000000000001",
         "data": [
            "transfer",
            "AQihuq7oRHfdTH4f3dfKApa357zM4UYmnn",
            "AKVhDYofgsN9aoYKSev1uPMAW64NxYeRr9",
            "6"
         ]
      }
   ]
}
$ xtar-cli asset balance 0 1
Address:AQihuq7oRHfdTH4f3dfKApa357zM4UYmnn
XTAR balance:=>
999998970
Address:AKVhDYofgsN9aoYKSev1uPMAW64NxYeRr9
XTAR balance:=>
1006
```

根据交易哈希查询交易状态：

```shell
$ xtar-cli info tx 638360e6d87bdbc42131e10d82ea32a09a344c1b7a8466ead67104293a6ebebe
Transaction:638360e6d87bdbc42131e10d82ea32a09a344c1b7a8466ead67104293a6ebebe =>
{
   "Height": 3027,
   "Tx": {
      "tx_type": 0,
      "version": 0,
      "nonce": 2233159513789502096,
      "payload": {
         "address": "0000000000000000000000000000000000000001",
         "method": "transfer",
         "args": "0c010d030a621fc1db6be573451def1271530d843e378c2a450a28d1241e6b77872eca282a18e68d55a4344726690606"
      },
      "attributes": [],
      "payer": "AQihuq7oRHfdTH4f3dfKApa357zM4UYmnn",
      "sig": [
         {
            "public_keys": [
               "01025c381425dc4f7f5dc84e44272092293f18ff6d2e3b408b0b7efdb55d2544dc82"
            ],
            "m": 1,
            "sig_data": [
               "0112560b2e133227e2f94fb218131149842aa2e3be9ddbea08eb4d5dd98dd43e76165f134149c615db5346cce01a2e0288c83377faccd26d77c9a7697663abca9f"
            ]
         }
      ],
      "hash": "638360e6d87bdbc42131e10d82ea32a09a344c1b7a8466ead67104293a6ebebe"
   }
}
```

## [查询交易](https://dev-docs.xtar.io/#/docs-cn/xtar-cli/16-build-tx?id=查询交易)

Bithumb Chain客户端 `Bithumb Chain CLI` 提供了交易反序列化模块，用于将以十六进制字符串显示的序列化交易反序列化为 JSON 格式。可以在命令行中通过 `show` 命令使用。

你可以在需要的时候通过 `help` 命令获取交易反序列化模块的帮助信息。

```shell
$ xtar-cli tx show 0000881efdc6befa3512900000000000000000000000000000000000000001087472616e73666572300c010d030a621fc1db6be573451def1271530d843e378c2a450a28d1241e6b77872eca282a18e68d55a434472669060600621fc1db6be573451def1271530d843e378c2a4500

No.1:=>
{
   "tx_type": 0,
   "version": 0,
   "nonce": 2233159513789502096,
   "payload": {
      "address": "0000000000000000000000000000000000000001",
      "method": "transfer",
      "args": "0c010d030a621fc1db6be573451def1271530d843e378c2a450a28d1241e6b77872eca282a18e68d55a4344726690606"
   },
   "attributes": [],
   "payer": "AQihuq7oRHfdTH4f3dfKApa357zM4UYmnn",
   "sig": [],
   "hash": "638360e6d87bdbc42131e10d82ea32a09a344c1b7a8466ead67104293a6ebebe"
}
```

## [签名](https://dev-docs.xtar.io/#/docs-cn/xtar-cli/16-build-tx?id=签名)

Bithumb Chain客户端 `Bithumb Chain CLI` 提供了交易签名模块，用于对以十六进制字符串显示的序列化交易进行签名。可以在命令行中通过 `sig` 命令使用。

- `--signer`：指定签名账户（默认为钱包默认账户）。
- 如果支付交易手续费的账户和交易中的签名账户不同，则该交易还需要支付手续费的账户进行签名。

```shell
$ xtar-cli tx sig --signer=0 0000881efdc6befa3512900000000000000000000000000000000000000001087472616e73666572300c010d030a621fc1db6be573451def1271530d843e378c2a450a28d1241e6b77872eca282a18e68d55a434472669060600621fc1db6be573451def1271530d843e378c2a4500
Singer account
Please input password
Password:
Signer:AQihuq7oRHfdTH4f3dfKApa357zM4UYmnn
Signed raw tx:=>
0000881efdc6befa3512900000000000000000000000000000000000000001087472616e73666572300c010d030a621fc1db6be573451def1271530d843e378c2a450a28d1241e6b77872eca282a18e68d55a434472669060600621fc1db6be573451def1271530d843e378c2a45010101025c381425dc4f7f5dc84e44272092293f18ff6d2e3b408b0b7efdb55d2544dc820101410112560b2e133227e2f94fb218131149842aa2e3be9ddbea08eb4d5dd98dd43e76165f134149c615db5346cce01a2e0288c83377faccd26d77c9a7697663abca9f
```

在对交易进行签名时，我们可以通过 `-s` 选项指定对交易签名后进行本地预执行，以验证交易是否存在问题。

```shell
$ xtar-cli tx send 0000881efdc6befa3512900000000000000000000000000000000000000001087472616e73666572300c010d030a621fc1db6be573451def1271530d843e378c2a450a28d1241e6b77872eca282a18e68d55a434472669060600621fc1db6be573451def1271530d843e378c2a45010101025c381425dc4f7f5dc84e44272092293f18ff6d2e3b408b0b7efdb55d2544dc820101410112560b2e133227e2f94fb218131149842aa2e3be9ddbea08eb4d5dd98dd43e76165f134149c615db5346cce01a2e0288c83377faccd26d77c9a7697663abca9f -s
Result => nil
EventLog =>
{
   "height": 3009,
   "tx_hash": "638360e6d87bdbc42131e10d82ea32a09a344c1b7a8466ead67104293a6ebebe",
   "error_code": 0,
   "net_usage": 214,
   "cpu_usage": 40,
   "ram_usage": [],
   "event_logs": [
      {
         "contract": "0000000000000000000000000000000000000001",
         "data": [
            "transfer",
            "AQihuq7oRHfdTH4f3dfKApa357zM4UYmnn",
            "AKVhDYofgsN9aoYKSev1uPMAW64NxYeRr9",
            "6"
         ]
      }
   ]
}
```

## [交易多签](https://dev-docs.xtar.io/#/docs-cn/xtar-cli/16-build-tx?id=交易多签)

Bithumb Chain客户端 `Bithumb Chain CLI` 提供了多重签名模块，用于对以十六进制字符串显示的序列化交易进行签名。可以在命令行中通过 `multisig` 命令使用。

- `--signer`：指定签名账户（默认使用钱包默认账户）。

- `--publickeys`：指定多重签名的公钥列表，公钥之间用 `,` 分隔。
- `-m`：指定签名门限（默认为 `0`）。

在多重签名中，需要使用公钥列表中的不同的账户对同一笔交易进行签名，一个账户签名后，返回的带签名交易需要作为下一个账户签名的输入，直到满足签名门限 `m`。

```shell
首先需要生成一个多签地址：
$ xtar-cli utils multisig --publickeys=0103f014512badcbe07796cdc0540abc1541da9d619b706a10541cf220aa8a8182a1,010201222267f598b54b9fb269459ecf118b7dbc03f3f182ebabd56e009d176627ac,01033a0861751f01533ed2498438d304e1c2e9de504da8c226d8c4dbd34aea818994 --m=2
Multi-Sig address:=> XvWMsWgNYqprQjXSz7fnk4VoaSY57o6yy9
其次需要给多签地址转一定数量的BT并购买RAM，抵押一定量BT确保该多签地址有带宽/CPU。
用多签地址构造转账交易:
$ xtar-cli asset transfer --from=XvWMsWgNYqprQjXSz7fnk4VoaSY57o6yy9 --to=1 --amount=50 -t
Tranfer
From:XvWMsWgNYqprQjXSz7fnk4VoaSY57o6yy9
To:XoQmE9zQj14CP8zzGSgmv27BsQp3YqST2p
Amount:50
TxHash:46b9addc4d71969afb04261f7ea4cc41b17349b6d0eda0009facc80f5be07476
RawTx:=>
000088e2f916248ba8a31c010000000000000000000000000000000000000001087472616e73666572320c010d030a01d96703edd81dc5264104276a03f5f832edae71c00a018b8f22b8a5c4de2e404fd3eff88920e121b486e1063200d96703edd81dc5264104276a03f5f832edae71c000
用多签的第一个地址对交易进行签名：
$ xtar-cli tx multisig --signer=0 --publickeys=0103f014512badcbe07796cdc0540abc1541da9d619b706a10541cf220aa8a8182a1,010201222267f598b54b9fb269459ecf118b7dbc03f3f182ebabd56e009d176627ac,01033a0861751f01533ed2498438d304e1c2e9de504da8c226d8c4dbd34aea818994 --m=2 000088e2f916248ba8a31c010000000000000000000000000000000000000001087472616e73666572320c010d030a01d96703edd81dc5264104276a03f5f832edae71c00a018b8f22b8a5c4de2e404fd3eff88920e121b486e1063200d96703edd81dc5264104276a03f5f832edae71c000
Singer account
Please input password
Password:
Signer:XbGqvpUNHkoR2jBfwWUYvPaQQPSmK9cpQT
Signed raw tx:=>
000088e2f916248ba8a31c010000000000000000000000000000000000000001087472616e73666572320c010d030a01d96703edd81dc5264104276a03f5f832edae71c00a018b8f22b8a5c4de2e404fd3eff88920e121b486e1063200d96703edd81dc5264104276a03f5f832edae71c001030103f014512badcbe07796cdc0540abc1541da9d619b706a10541cf220aa8a8182a1010201222267f598b54b9fb269459ecf118b7dbc03f3f182ebabd56e009d176627ac01033a0861751f01533ed2498438d304e1c2e9de504da8c226d8c4dbd34aea81899402014101bb229669904efe4cd7953a2bdd501c81d4051d87ee5ffa5324c0b3088e1b06c1e02da6663d9a4142a7ba6ce5e875e535f258736ab12079940873f5cddc1b4255
查询交易明细：
$ xtar-cli tx show 000088e2f916248ba8a31c010000000000000000000000000000000000000001087472616e73666572320c010d030a01d96703edd81dc5264104276a03f5f832edae71c00a018b8f22b8a5c4de2e404fd3eff88920e121b486e1063200d96703edd81dc5264104276a03f5f832edae71c001030103f014512badcbe07796cdc0540abc1541da9d619b706a10541cf220aa8a8182a1010201222267f598b54b9fb269459ecf118b7dbc03f3f182ebabd56e009d176627ac01033a0861751f01533ed2498438d304e1c2e9de504da8c226d8c4dbd34aea81899402014101bb229669904efe4cd7953a2bdd501c81d4051d87ee5ffa5324c0b3088e1b06c1e02da6663d9a4142a7ba6ce5e875e535f258736ab12079940873f5cddc1b4255
No.1:=>
{
   "tx_type": 0,
   "version": 0,
   "nonce": 16355127867990385436,
   "payload": {
      "contract_account": "XagqqFetxiDb9wbartKDrXgnqLah9fKoTx",
      "method": "transfer",
      "args": "0c010d030a01d96703edd81dc5264104276a03f5f832edae71c00a018b8f22b8a5c4de2e404fd3eff88920e121b486e10632"
   },
   "attributes": [],
   "payer": "XvWMsWgNYqprQjXSz7fnk4VoaSY57o6yy9",
   "sig": [
      {
         "public_keys": [
            "0103f014512badcbe07796cdc0540abc1541da9d619b706a10541cf220aa8a8182a1",
            "010201222267f598b54b9fb269459ecf118b7dbc03f3f182ebabd56e009d176627ac",
            "01033a0861751f01533ed2498438d304e1c2e9de504da8c226d8c4dbd34aea818994"
         ],
         "m": 2,
         "sig_data": [
            "01bb229669904efe4cd7953a2bdd501c81d4051d87ee5ffa5324c0b3088e1b06c1e02da6663d9a4142a7ba6ce5e875e535f258736ab12079940873f5cddc1b4255"
         ]
      }
   ],
   "hash": "46b9addc4d71969afb04261f7ea4cc41b17349b6d0eda0009facc80f5be07476"
}
用多签的第二个地址对交易进行签名：
$ xtar-cli tx multisig --signer=1 --publickeys=0103f014512badcbe07796cdc0540abc1541da9d619b706a10541cf220aa8a8182a1,010201222267f598b54b9fb269459ecf118b7dbc03f3f182ebabd56e009d176627ac,01033a0861751f01533ed2498438d304e1c2e9de504da8c226d8c4dbd34aea818994 --m=2 000088e2f916248ba8a31c010000000000000000000000000000000000000001087472616e73666572320c010d030a01d96703edd81dc5264104276a03f5f832edae71c00a018b8f22b8a5c4de2e404fd3eff88920e121b486e1063200d96703edd81dc5264104276a03f5f832edae71c001030103f014512badcbe07796cdc0540abc1541da9d619b706a10541cf220aa8a8182a1010201222267f598b54b9fb269459ecf118b7dbc03f3f182ebabd56e009d176627ac01033a0861751f01533ed2498438d304e1c2e9de504da8c226d8c4dbd34aea81899402014101bb229669904efe4cd7953a2bdd501c81d4051d87ee5ffa5324c0b3088e1b06c1e02da6663d9a4142a7ba6ce5e875e535f258736ab12079940873f5cddc1b4255
Singer account
Please input password
Password:
Signer:XoQmE9zQj14CP8zzGSgmv27BsQp3YqST2p
Signed raw tx:=>
000088e2f916248ba8a31c010000000000000000000000000000000000000001087472616e73666572320c010d030a01d96703edd81dc5264104276a03f5f832edae71c00a018b8f22b8a5c4de2e404fd3eff88920e121b486e1063200d96703edd81dc5264104276a03f5f832edae71c001030103f014512badcbe07796cdc0540abc1541da9d619b706a10541cf220aa8a8182a1010201222267f598b54b9fb269459ecf118b7dbc03f3f182ebabd56e009d176627ac01033a0861751f01533ed2498438d304e1c2e9de504da8c226d8c4dbd34aea81899402024101bb229669904efe4cd7953a2bdd501c81d4051d87ee5ffa5324c0b3088e1b06c1e02da6663d9a4142a7ba6ce5e875e535f258736ab12079940873f5cddc1b42554101985c92c7ff49ea1f65f55c2a4a417b9228a2d3e875ef1cadb90e1e893b9fbe97b1176df2d80dfaf015597bed96ce742f8709136170eff7400779fff53c60ee5d
查询交易明细：
$ xtar-cli tx show 000088e2f916248ba8a31c010000000000000000000000000000000000000001087472616e73666572320c010d030a01d96703edd81dc5264104276a03f5f832edae71c00a018b8f22b8a5c4de2e404fd3eff88920e121b486e1063200d96703edd81dc5264104276a03f5f832edae71c001030103f014512badcbe07796cdc0540abc1541da9d619b706a10541cf220aa8a8182a1010201222267f598b54b9fb269459ecf118b7dbc03f3f182ebabd56e009d176627ac01033a0861751f01533ed2498438d304e1c2e9de504da8c226d8c4dbd34aea81899402024101bb229669904efe4cd7953a2bdd501c81d4051d87ee5ffa5324c0b3088e1b06c1e02da6663d9a4142a7ba6ce5e875e535f258736ab12079940873f5cddc1b42554101985c92c7ff49ea1f65f55c2a4a417b9228a2d3e875ef1cadb90e1e893b9fbe97b1176df2d80dfaf015597bed96ce742f8709136170eff7400779fff53c60ee5d
No.1:=>
{
   "tx_type": 0,
   "version": 0,
   "nonce": 16355127867990385436,
   "payload": {
      "contract_account": "XagqqFetxiDb9wbartKDrXgnqLah9fKoTx",
      "method": "transfer",
      "args": "0c010d030a01d96703edd81dc5264104276a03f5f832edae71c00a018b8f22b8a5c4de2e404fd3eff88920e121b486e10632"
   },
   "attributes": [],
   "payer": "XvWMsWgNYqprQjXSz7fnk4VoaSY57o6yy9",
   "sig": [
      {
         "public_keys": [
            "0103f014512badcbe07796cdc0540abc1541da9d619b706a10541cf220aa8a8182a1",
            "010201222267f598b54b9fb269459ecf118b7dbc03f3f182ebabd56e009d176627ac",
            "01033a0861751f01533ed2498438d304e1c2e9de504da8c226d8c4dbd34aea818994"
         ],
         "m": 2,
         "sig_data": [
            "01bb229669904efe4cd7953a2bdd501c81d4051d87ee5ffa5324c0b3088e1b06c1e02da6663d9a4142a7ba6ce5e875e535f258736ab12079940873f5cddc1b4255",
            "01985c92c7ff49ea1f65f55c2a4a417b9228a2d3e875ef1cadb90e1e893b9fbe97b1176df2d80dfaf015597bed96ce742f8709136170eff7400779fff53c60ee5d"
         ]
      }
   ],
   "hash": "46b9addc4d71969afb04261f7ea4cc41b17349b6d0eda0009facc80f5be07476"
}
交易预执行：
$ xtar-cli tx send 0000883b1776a9cd74b2f90000000000000000000000000000000000000001087472616e73666572300c010d030a73519bf563b661806343359c8440948d7fdf33f70a1447571e41272067eecbe1107de7e77217a94afd060a0073519bf563b661806343359c8440948d7fdf33f7010301025c381425dc4f7f5dc84e44272092293f18ff6d2e3b408b0b7efdb55d2544dc8201024724eefe8bba8f51e086aec1415795a6b7f08dbe019e374b106e7b0123f928c301023b8e2cd57314b0b1ae80e0ef003ca8e858e9c55f346b4a15fdf221c3c9656e43020241012783cb88406364794842486012c69367a25e093b7e633cc2b62f726a0703d0b003f3b1a7bbc1c1bd25bb9a36edd8b33fb2d43353569be3de291d1dd1a94cee744101b65a39c232f7931ef6371eefa10fd83933f77b7131f927b4b8eca3a7d547e6604413a1657507e36bac05fb828f02c9981ff50c64b074accfd74520d8f958be37 -s
Result => nil
EventLog =>
{
   "height": 4384,
   "tx_hash": "57b100eefc16ec5cbbf6e23db3e1fe9ab37c1f2478f4cd9d2d17c5ee49b5c6b6",
   "error_code": 0,
   "net_usage": 348,
   "cpu_usage": 40,
   "ram_usage": [
      {
         "address": "ASHd7sCgfomwJz1vzor7wHJhP8ZY3d88yV",
         "ram_usage": "41"
      }
   ],
   "event_logs": [
      {
         "contract": "0000000000000000000000000000000000000001",
         "data": [
            "transfer",
            "ASHd7sCgfomwJz1vzor7wHJhP8ZY3d88yV",
            "AHd6d9SFVWsXPa7BPmz7hhBaZzKeWGMoPP",
            "10"
         ]
      }
   ]
}
发送交易：
$ xtar-cli tx send 000088e2f916248ba8a31c010000000000000000000000000000000000000001087472616e73666572320c010d030a01d96703edd81dc5264104276a03f5f832edae71c00a018b8f22b8a5c4de2e404fd3eff88920e121b486e1063200d96703edd81dc5264104276a03f5f832edae71c001030103f014512badcbe07796cdc0540abc1541da9d619b706a10541cf220aa8a8182a1010201222267f598b54b9fb269459ecf118b7dbc03f3f182ebabd56e009d176627ac01033a0861751f01533ed2498438d304e1c2e9de504da8c226d8c4dbd34aea81899402024101bb229669904efe4cd7953a2bdd501c81d4051d87ee5ffa5324c0b3088e1b06c1e02da6663d9a4142a7ba6ce5e875e535f258736ab12079940873f5cddc1b42554101985c92c7ff49ea1f65f55c2a4a417b9228a2d3e875ef1cadb90e1e893b9fbe97b1176df2d80dfaf015597bed96ce742f8709136170eff7400779fff53c60ee5d
TxHash:46b9addc4d71969afb04261f7ea4cc41b17349b6d0eda0009facc80f5be07476
Waiting for eventLog...
EventLog:=>
{
   "height": 4989,
   "tx_hash": "46b9addc4d71969afb04261f7ea4cc41b17349b6d0eda0009facc80f5be07476",
   "error_code": 0,
   "net_usage": 351,
   "cpu_usage": 40,
   "ram_usage": [],
   "event_logs": [
      {
         "contract": "XagqqFetxiDb9wbartKDrXgnqLah9fKoTx",
         "data": [
            "transfer",
            "XvWMsWgNYqprQjXSz7fnk4VoaSY57o6yy9",
            "XoQmE9zQj14CP8zzGSgmv27BsQp3YqST2p",
            "50"
         ]
      }
   ]
}
```

## [发送交易](https://dev-docs.xtar.io/#/docs-cn/xtar-cli/16-build-tx?id=发送交易)

Bithumb Chain客户端 `Bithumb Chain CLI` 提供了交易发送模块，用于将以十六进制字符串显示的序列化交易发送到所接入的网络。可以在命令行中通过 `send` 命令使用。

- `--simulate-exec, -s `：用于指定预执行交易。
- `--disable-wait-evtlog `：关闭`event log`日志。

```shell
$ xtar-cli tx send 000088e2f916248ba8a31c010000000000000000000000000000000000000001087472616e73666572320c010d030a01d96703edd81dc5264104276a03f5f832edae71c00a018b8f22b8a5c4de2e404fd3eff88920e121b486e1063200d96703edd81dc5264104276a03f5f832edae71c001030103f014512badcbe07796cdc0540abc1541da9d619b706a10541cf220aa8a8182a1010201222267f598b54b9fb269459ecf118b7dbc03f3f182ebabd56e009d176627ac01033a0861751f01533ed2498438d304e1c2e9de504da8c226d8c4dbd34aea81899402024101bb229669904efe4cd7953a2bdd501c81d4051d87ee5ffa5324c0b3088e1b06c1e02da6663d9a4142a7ba6ce5e875e535f258736ab12079940873f5cddc1b42554101985c92c7ff49ea1f65f55c2a4a417b9228a2d3e875ef1cadb90e1e893b9fbe97b1176df2d80dfaf015597bed96ce742f8709136170eff7400779fff53c60ee5d
TxHash:46b9addc4d71969afb04261f7ea4cc41b17349b6d0eda0009facc80f5be07476
Waiting for eventLog...
EventLog:=>
{
   "height": 4989,
   "tx_hash": "46b9addc4d71969afb04261f7ea4cc41b17349b6d0eda0009facc80f5be07476",
   "error_code": 0,
   "net_usage": 351,
   "cpu_usage": 40,
   "ram_usage": [],
   "event_logs": [
      {
         "contract": "XagqqFetxiDb9wbartKDrXgnqLah9fKoTx",
         "data": [
            "transfer",
            "XvWMsWgNYqprQjXSz7fnk4VoaSY57o6yy9",
            "XoQmE9zQj14CP8zzGSgmv27BsQp3YqST2p",
            "50"
         ]
      }
   ]
}
```
